// Jest Snapshot v1, https://goo.gl/fbAQLP

exports[`App component renders App 1`] = `
<DocumentFragment>
  <div>
    <div
      style="transition: opacity 3000ms, transform 3000ms; transform: translateY(20px); opacity: 0;"
    >
      <div
        class="appContainer"
      >
        <div>
          <header>
            Hello! I'm Michelle.
          </header>
        </div>
        <div
          class="contentAndSidebarDiv"
        >
          <div
            class="appContentDiv"
          >
            <a
              class="headerLinks"
              href="/about-me"
            >
              About Me
            </a>
            <a
              class="headerLinks"
              href="/projects"
            >
              Past Projects
            </a>
            <a
              class="headerLinks"
              href="/working-on"
            >
              Current Projects
            </a>
            <a
              class="headerLinks"
              href="/collaborate"
            >
              Collaborate
            </a>
            <a
              class="headerLinks"
              href="/experience"
            >
              Resume & Experience
            </a>
          </div>
          <div
            class="sidebarDiv"
          >
            <div
              class="soundsDiv"
            >
              <h2>
                Relax with a sound.
              </h2>
              <label>
                <input
                  name="sound"
                  type="radio"
                  value="fire"
                />
                fire
              </label>
              <label>
                <input
                  name="sound"
                  type="radio"
                  value="stream"
                />
                stream
              </label>
              <label>
                <input
                  name="sound"
                  type="radio"
                  value="rain"
                />
                rain
              </label>
              <label>
                <input
                  name="sound"
                  type="radio"
                  value="birds"
                />
                birds
              </label>
              <label>
                <input
                  name="sound"
                  type="radio"
                  value="waves"
                />
                waves
              </label>
              <label
                class="muteLabel"
              >
                <button
                  class="muteButton"
                  name="mute"
                  value="mute"
                />
                mute
              </label>
            </div>
            <div
              class="sidebarLine"
            />
            <div
              class="colorSchemeDiv"
            >
              <h2>
                Theme
              </h2>
              <label>
                <input
                  name="color"
                  type="radio"
                  value="light"
                />
                light
              </label>
              <label>
                <input
                  name="color"
                  type="radio"
                  value="dark"
                />
                dark
              </label>
              <label>
                <input
                  name="color"
                  type="radio"
                  value="random"
                />
                random
              </label>
            </div>
            <div
              class="sidebarLine"
            />
            <div
              class="contactDiv"
            >
              <p
                class="disclaimer"
              >
                site created by Michelle Stermitz, inspired by 
                <a
                  href="http://brunobord.github.io/relax/"
                >
                  this
                </a>
                 lovely app. To view sound credits please see my 
                <a
                  href="https://github.com/michmitz/michelle-stermitz-portfolio"
                >
                  source code.
                </a>
                 Thanks for visiting!
              </p>
              <a
                href="https://github.com/michmitz"
              >
                <img
                  alt="/assets/github-logo-white.png"
                  class="githubIcon"
                  src="/assets/GitHub-Mark.png"
                />
                /michmitz
              </a>
              <a
                href="https://linkedin.com/in/michellestermitz"
              >
                <img
                  alt="/assets/linkedin-white.png"
                  class="icon"
                  src="/assets/linkedin-white.png"
                />
                /in/michellestermitz
              </a>
              <a
                href="https://twitter.com/michmitzpdx"
              >
                <img
                  alt="/assets/twitter-white.png"
                  class="icon"
                  src="/assets/twitter-white.png"
                />
                @michmitzpdx
              </a>
            </div>
          </div>
          <aside
            aria-label="Scroll to top of page"
            class="ScrollUpButton__Container "
            data-testid="react-scroll-up-button"
            role="button"
            style="background-color: rgba(50, 50, 50, 0.5); height: 50px; position: fixed; bottom: 20px; width: 50px; transition: all 0.5s ease-in-out; transition-property: opacity, right; cursor: pointer; opacity: 0; right: -50px; z-index: 1000;"
            tabindex="-1"
          >
            <svg
              style="display: inline-block; width: 100%; height: 100%; stroke-width: 0; stroke: white; fill: white;"
              version="1.1"
              viewBox="0 0 32 32"
              x="0"
              xml:space="preserve"
              xmlns="http://www.w3.org/2000/svg"
              y="0"
            >
              <path
                d="M19.196 23.429q0 0.232-0.179 0.411l-0.893 0.893q-0.179 0.179-0.411 0.179t-0.411-0.179l-7.018-7.018-7.018 7.018q-0.179 0.179-0.411 0.179t-0.411-0.179l-0.893-0.893q-0.179-0.179-0.179-0.411t0.179-0.411l8.321-8.321q0.179-0.179 0.411-0.179t0.411 0.179l8.321 8.321q0.179 0.179 0.179 0.411zM19.196 16.571q0 0.232-0.179 0.411l-0.893 0.893q-0.179 0.179-0.411 0.179t-0.411-0.179l-7.018-7.018-7.018 7.018q-0.179 0.179-0.411 0.179t-0.411-0.179l-0.893-0.893q-0.179-0.179-0.179-0.411t0.179-0.411l8.321-8.321q0.179-0.179 0.411-0.179t0.411 0.179l8.321 8.321q0.179 0.179 0.179 0.411z"
                transform="scale(1.4) translate(1,-5)"
              />
            </svg>
          </aside>
        </div>
      </div>
    </div>
  </div>
</DocumentFragment>
`;
