// Jest Snapshot v1, https://goo.gl/fbAQLP

exports[`App component renders App 1`] = `
<DocumentFragment>
  <div
    class="appContainer"
  >
    <div>
      <header>
        Hello! I'm Michelle.
      </header>
    </div>
    <div
      class="contentAndSidebarDiv"
    >
      <div
        class="contentDiv"
      >
        <a
          class="headerLinks"
          href="/about-me"
        >
          About Me
        </a>
        <a
          class="headerLinks"
          href="/projects"
        >
          Previous Projects
        </a>
        <a
          class="headerLinks"
          href="/working-on"
        >
          Working On
        </a>
        <a
          class="headerLinks"
          href="/collaborate"
        >
          Collaborate
        </a>
        <a
          class="headerLinks"
          href="/experience"
        >
          Experience
        </a>
      </div>
      <div
        class="sidebarDiv"
      >
        <div
          class="soundsDiv"
        >
          <h2>
            Relax with a sound.
          </h2>
          <label>
            <input
              name="sound"
              type="radio"
              value="fire"
            />
            fire
          </label>
          <label>
            <input
              name="sound"
              type="radio"
              value="stream"
            />
            stream
          </label>
          <label>
            <input
              name="sound"
              type="radio"
              value="rain"
            />
            rain
          </label>
          <label>
            <input
              name="sound"
              type="radio"
              value="birds"
            />
            birds
          </label>
          <label>
            <input
              name="sound"
              type="radio"
              value="waves"
            />
            waves
          </label>
          <label
            class="muteLabel"
          >
            <button
              class="muteButton"
              name="mute"
              value="mute"
            />
            mute
          </label>
        </div>
        <div
          class="sidebarLine"
        />
        <div
          class="colorSchemeDiv"
        >
          <h2>
            Theme
          </h2>
          <label>
            <input
              name="color"
              type="radio"
              value="light"
            />
            light
          </label>
          <label>
            <input
              name="color"
              type="radio"
              value="dark"
            />
            dark
          </label>
          <label>
            <input
              name="color"
              type="radio"
              value="random"
            />
            random
          </label>
        </div>
        <div
          class="sidebarLine"
        />
        <div
          class="contactDiv"
        >
          <p
            class="disclaimer"
          >
            site created by Michelle Stermitz, inspired by 
            <a
              href="http://brunobord.github.io/relax/"
            >
              this
            </a>
             lovely app. To view sound credits please see my 
            <a
              href="https://github.com/michmitz/michelle-stermitz-portfolio"
            >
              source code.
            </a>
             Thanks for visiting!
          </p>
          <a
            href="https://github.com/michmitz"
          >
            <img
              alt="/assets/github-logo-white.png"
              class="githubIcon"
              src="/assets/github-logo-white.png"
            />
            /michmitz
          </a>
          <a
            href="https://linkedin.com/in/michellestermitz"
          >
            <img
              alt="/assets/linkedin-white.png"
              class="icon"
              src="/assets/linkedin-white.png"
            />
            LinkedIn
          </a>
          <a
            href="https://twitter.com/michmitzpdx"
          >
            <img
              alt="/assets/twitter-white.png"
              class="icon"
              src="/assets/twitter-white.png"
            />
            @michmitzpdx
          </a>
        </div>
      </div>
    </div>
  </div>
</DocumentFragment>
`;
